// Vitest Snapshot v1, https://vitest.dev/guide/snapshot.html

exports[`generator - github-build-matrix > with samples > should match matrix value 1`] = `
{
  "include": [
    {
      "default-environment": "prod",
      "java-version": "17",
      "job-name": "custom, maven, postgresql-mvc-jwt",
      "jwt-secret-key": "ZjY4MTM4YjI5YzMwZjhjYjI2OTNkNTRjMWQ5Y2Q0Y2YwOWNmZTE2NzRmYzU3NTMwM2NjOTE3MTllOTM3MWRkMzcyYTljMjVmNmQ0Y2MxOTUzODc0MDhhMTlkMDIxMzI2YzQzZDM2ZDE3MmQ3NjVkODk3OTVmYzljYTQyZDNmMTQ=",
      "node-version": "22.14.0",
      "npm-version": "11.2.0",
      "os": "ubuntu-latest",
      "sample": "maven-custom",
      "sample-file": "postgresql-mvc-jwt",
      "sample-type": "jdl-ejs",
      "samples-group": "samples",
      "templateOptions": {
        "auditFramework": "custom",
        "buildTool": "maven",
      },
    },
    {
      "default-environment": "prod",
      "java-version": "17",
      "job-name": "javers, maven, postgresql-mvc-jwt",
      "jwt-secret-key": "ZjY4MTM4YjI5YzMwZjhjYjI2OTNkNTRjMWQ5Y2Q0Y2YwOWNmZTE2NzRmYzU3NTMwM2NjOTE3MTllOTM3MWRkMzcyYTljMjVmNmQ0Y2MxOTUzODc0MDhhMTlkMDIxMzI2YzQzZDM2ZDE3MmQ3NjVkODk3OTVmYzljYTQyZDNmMTQ=",
      "node-version": "22.14.0",
      "npm-version": "11.2.0",
      "os": "ubuntu-latest",
      "sample": "maven-javers",
      "sample-file": "postgresql-mvc-jwt",
      "sample-type": "jdl-ejs",
      "samples-group": "samples",
      "templateOptions": {
        "auditFramework": "javers",
        "buildTool": "maven",
      },
    },
    {
      "default-environment": "prod",
      "java-version": "17",
      "job-name": "custom, gradle, postgresql-mvc-jwt",
      "jwt-secret-key": "ZjY4MTM4YjI5YzMwZjhjYjI2OTNkNTRjMWQ5Y2Q0Y2YwOWNmZTE2NzRmYzU3NTMwM2NjOTE3MTllOTM3MWRkMzcyYTljMjVmNmQ0Y2MxOTUzODc0MDhhMTlkMDIxMzI2YzQzZDM2ZDE3MmQ3NjVkODk3OTVmYzljYTQyZDNmMTQ=",
      "node-version": "22.14.0",
      "npm-version": "11.2.0",
      "os": "ubuntu-latest",
      "sample": "gradle-custom",
      "sample-file": "postgresql-mvc-jwt",
      "sample-type": "jdl-ejs",
      "samples-group": "samples",
      "templateOptions": {
        "auditFramework": "custom",
        "buildTool": "gradle",
      },
    },
    {
      "default-environment": "prod",
      "java-version": "17",
      "job-name": "javers, gradle, postgresql-mvc-jwt",
      "jwt-secret-key": "ZjY4MTM4YjI5YzMwZjhjYjI2OTNkNTRjMWQ5Y2Q0Y2YwOWNmZTE2NzRmYzU3NTMwM2NjOTE3MTllOTM3MWRkMzcyYTljMjVmNmQ0Y2MxOTUzODc0MDhhMTlkMDIxMzI2YzQzZDM2ZDE3MmQ3NjVkODk3OTVmYzljYTQyZDNmMTQ=",
      "node-version": "22.14.0",
      "npm-version": "11.2.0",
      "os": "ubuntu-latest",
      "sample": "gradle-javers",
      "sample-file": "postgresql-mvc-jwt",
      "sample-type": "jdl-ejs",
      "samples-group": "samples",
      "templateOptions": {
        "auditFramework": "javers",
        "buildTool": "gradle",
      },
    },
  ],
}
`;

exports[`generator - github-build-matrix > with samples > should match matrix value 2`] = `
{
  "include": [
    {
      "default-environment": "prod",
      "java-version": "17",
      "job-name": "custom, maven, postgresql-mvc-jwt",
      "jwt-secret-key": "ZjY4MTM4YjI5YzMwZjhjYjI2OTNkNTRjMWQ5Y2Q0Y2YwOWNmZTE2NzRmYzU3NTMwM2NjOTE3MTllOTM3MWRkMzcyYTljMjVmNmQ0Y2MxOTUzODc0MDhhMTlkMDIxMzI2YzQzZDM2ZDE3MmQ3NjVkODk3OTVmYzljYTQyZDNmMTQ=",
      "node-version": "22.14.0",
      "npm-version": "11.2.0",
      "os": "ubuntu-latest",
      "sample": "maven-custom",
      "sample-file": "postgresql-mvc-jwt",
      "sample-type": "jdl-ejs",
      "samples-group": "samples",
      "templateOptions": {
        "auditFramework": "custom",
        "buildTool": "maven",
      },
    },
    {
      "default-environment": "prod",
      "java-version": "17",
      "job-name": "javers, maven, postgresql-mvc-jwt",
      "jwt-secret-key": "ZjY4MTM4YjI5YzMwZjhjYjI2OTNkNTRjMWQ5Y2Q0Y2YwOWNmZTE2NzRmYzU3NTMwM2NjOTE3MTllOTM3MWRkMzcyYTljMjVmNmQ0Y2MxOTUzODc0MDhhMTlkMDIxMzI2YzQzZDM2ZDE3MmQ3NjVkODk3OTVmYzljYTQyZDNmMTQ=",
      "node-version": "22.14.0",
      "npm-version": "11.2.0",
      "os": "ubuntu-latest",
      "sample": "maven-javers",
      "sample-file": "postgresql-mvc-jwt",
      "sample-type": "jdl-ejs",
      "samples-group": "samples",
      "templateOptions": {
        "auditFramework": "javers",
        "buildTool": "maven",
      },
    },
    {
      "default-environment": "prod",
      "java-version": "17",
      "job-name": "custom, gradle, postgresql-mvc-jwt",
      "jwt-secret-key": "ZjY4MTM4YjI5YzMwZjhjYjI2OTNkNTRjMWQ5Y2Q0Y2YwOWNmZTE2NzRmYzU3NTMwM2NjOTE3MTllOTM3MWRkMzcyYTljMjVmNmQ0Y2MxOTUzODc0MDhhMTlkMDIxMzI2YzQzZDM2ZDE3MmQ3NjVkODk3OTVmYzljYTQyZDNmMTQ=",
      "node-version": "22.14.0",
      "npm-version": "11.2.0",
      "os": "ubuntu-latest",
      "sample": "gradle-custom",
      "sample-file": "postgresql-mvc-jwt",
      "sample-type": "jdl-ejs",
      "samples-group": "samples",
      "templateOptions": {
        "auditFramework": "custom",
        "buildTool": "gradle",
      },
    },
    {
      "default-environment": "prod",
      "java-version": "17",
      "job-name": "javers, gradle, postgresql-mvc-jwt",
      "jwt-secret-key": "ZjY4MTM4YjI5YzMwZjhjYjI2OTNkNTRjMWQ5Y2Q0Y2YwOWNmZTE2NzRmYzU3NTMwM2NjOTE3MTllOTM3MWRkMzcyYTljMjVmNmQ0Y2MxOTUzODc0MDhhMTlkMDIxMzI2YzQzZDM2ZDE3MmQ3NjVkODk3OTVmYzljYTQyZDNmMTQ=",
      "node-version": "22.14.0",
      "npm-version": "11.2.0",
      "os": "ubuntu-latest",
      "sample": "gradle-javers",
      "sample-file": "postgresql-mvc-jwt",
      "sample-type": "jdl-ejs",
      "samples-group": "samples",
      "templateOptions": {
        "auditFramework": "javers",
        "buildTool": "gradle",
      },
    },
  ],
}
`;
