// Vitest Snapshot v1, https://vitest.dev/guide/snapshot.html

exports[`SubGenerator angular-audit of entity-audit JHipster blueprint > run > should succeed 1`] = `
{
  ".yo-rc.json": {
    "stateCleared": "modified",
  },
  "package.json": {
    "stateCleared": "modified",
  },
  "src/main/webapp/app/admin/entity-audit/entity-audit-event.model.ts": {
    "stateCleared": "modified",
  },
  "src/main/webapp/app/admin/entity-audit/entity-audit-modal.component.html": {
    "stateCleared": "modified",
  },
  "src/main/webapp/app/admin/entity-audit/entity-audit-modal.component.ts": {
    "stateCleared": "modified",
  },
  "src/main/webapp/app/admin/entity-audit/entity-audit.component.html": {
    "stateCleared": "modified",
  },
  "src/main/webapp/app/admin/entity-audit/entity-audit.component.ts": {
    "stateCleared": "modified",
  },
  "src/main/webapp/app/admin/entity-audit/entity-audit.service.ts": {
    "stateCleared": "modified",
  },
}
`;
